This is pdfTeX, Version 3.141592653-2.6-1.40.26 (TeX Live 2024) (preloaded format=pdflatex 2025.2.5)  12 JUN 2026 12:29
entering extended mode
 restricted \write18 enabled.
 %&-line parsing enabled.
**main.tex
(./main.tex
LaTeX2e <2023-11-01> patch level 1
L3 programming layer <2024-02-20>
(/usr/local/texlive/2024basic/texmf-dist/tex/latex/base/report.cls
Document Class: report 2023/05/17 v1.4n Standard LaTeX document class
(/usr/local/texlive/2024basic/texmf-dist/tex/latex/base/size12.clo
File: size12.clo 2023/05/17 v1.4n Standard LaTeX file (size option)
)
\c@part=\count188
\c@chapter=\count189
\c@section=\count190
\c@subsection=\count191
\c@subsubsection=\count192
\c@paragraph=\count193
\c@subparagraph=\count194
\c@figure=\count195
\c@table=\count196
\abovecaptionskip=\skip48
\belowcaptionskip=\skip49
\bibindent=\dimen140
)
(/usr/local/texlive/2024basic/texmf-dist/tex/latex/base/inputenc.sty
Package: inputenc 2021/02/14 v1.3d Input encoding file
\inpenc@prehook=\toks17
\inpenc@posthook=\toks18
)
(/usr/local/texlive/2024basic/texmf-dist/tex/latex/base/fontenc.sty
Package: fontenc 2021/04/29 v2.0v Standard LaTeX package
)
(/usr/local/texlive/2024basic/texmf-dist/tex/latex/lm/lmodern.sty
Package: lmodern 2015/05/01 v1.6.1 Latin Modern Fonts
LaTeX Font Info:    Overwriting symbol font `operators' in version `normal'
(Font)                  OT1/cmr/m/n --> OT1/lmr/m/n on input line 22.
LaTeX Font Info:    Overwriting symbol font `letters' in version `normal'
(Font)                  OML/cmm/m/it --> OML/lmm/m/it on input line 23.
LaTeX Font Info:    Overwriting symbol font `symbols' in version `normal'
(Font)                  OMS/cmsy/m/n --> OMS/lmsy/m/n on input line 24.
LaTeX Font Info:    Overwriting symbol font `largesymbols' in version `normal'
(Font)                  OMX/cmex/m/n --> OMX/lmex/m/n on input line 25.
LaTeX Font Info:    Overwriting symbol font `operators' in version `bold'
(Font)                  OT1/cmr/bx/n --> OT1/lmr/bx/n on input line 26.
LaTeX Font Info:    Overwriting symbol font `letters' in version `bold'
(Font)                  OML/cmm/b/it --> OML/lmm/b/it on input line 27.
LaTeX Font Info:    Overwriting symbol font `symbols' in version `bold'
(Font)                  OMS/cmsy/b/n --> OMS/lmsy/b/n on input line 28.
LaTeX Font Info:    Overwriting symbol font `largesymbols' in version `bold'
(Font)                  OMX/cmex/m/n --> OMX/lmex/m/n on input line 29.
LaTeX Font Info:    Overwriting math alphabet `\mathbf' in version `normal'
(Font)                  OT1/cmr/bx/n --> OT1/lmr/bx/n on input line 31.
LaTeX Font Info:    Overwriting math alphabet `\mathsf' in version `normal'
(Font)                  OT1/cmss/m/n --> OT1/lmss/m/n on input line 32.
LaTeX Font Info:    Overwriting math alphabet `\mathit' in version `normal'
(Font)                  OT1/cmr/m/it --> OT1/lmr/m/it on input line 33.
LaTeX Font Info:    Overwriting math alphabet `\mathtt' in version `normal'
(Font)                  OT1/cmtt/m/n --> OT1/lmtt/m/n on input line 34.
LaTeX Font Info:    Overwriting math alphabet `\mathbf' in version `bold'
(Font)                  OT1/cmr/bx/n --> OT1/lmr/bx/n on input line 35.
LaTeX Font Info:    Overwriting math alphabet `\mathsf' in version `bold'
(Font)                  OT1/cmss/bx/n --> OT1/lmss/bx/n on input line 36.
LaTeX Font Info:    Overwriting math alphabet `\mathit' in version `bold'
(Font)                  OT1/cmr/bx/it --> OT1/lmr/bx/it on input line 37.
LaTeX Font Info:    Overwriting math alphabet `\mathtt' in version `bold'
(Font)                  OT1/cmtt/m/n --> OT1/lmtt/m/n on input line 38.
)
(/usr/local/texlive/2024basic/texmf-dist/tex/latex/geometry/geometry.sty
Package: geometry 2020/01/02 v5.9 Page Geometry

(/usr/local/texlive/2024basic/texmf-dist/tex/latex/graphics/keyval.sty
Package: keyval 2022/05/29 v1.15 key=value parser (DPC)
\KV@toks@=\toks19
)
(/usr/local/texlive/2024basic/texmf-dist/tex/generic/iftex/ifvtex.sty
Package: ifvtex 2019/10/25 v1.7 ifvtex legacy package. Use iftex instead.

(/usr/local/texlive/2024basic/texmf-dist/tex/generic/iftex/iftex.sty
Package: iftex 2022/02/03 v1.0f TeX engine tests
))
\Gm@cnth=\count197
\Gm@cntv=\count198
\c@Gm@tempcnt=\count199
\Gm@bindingoffset=\dimen141
\Gm@wd@mp=\dimen142
\Gm@odd@mp=\dimen143
\Gm@even@mp=\dimen144
\Gm@layoutwidth=\dimen145
\Gm@layoutheight=\dimen146
\Gm@layouthoffset=\dimen147
\Gm@layoutvoffset=\dimen148
\Gm@dimlist=\toks20
)
(/usr/local/texlive/2024basic/texmf-dist/tex/latex/setspace/setspace.sty
Package: setspace 2022/12/04 v6.7b set line spacing
)
(/usr/local/texlive/2024basic/texmf-dist/tex/latex/graphics/graphicx.sty
Package: graphicx 2021/09/16 v1.2d Enhanced LaTeX Graphics (DPC,SPQR)

(/usr/local/texlive/2024basic/texmf-dist/tex/latex/graphics/graphics.sty
Package: graphics 2022/03/10 v1.4e Standard LaTeX Graphics (DPC,SPQR)

(/usr/local/texlive/2024basic/texmf-dist/tex/latex/graphics/trig.sty
Package: trig 2021/08/11 v1.11 sin cos tan (DPC)
)
(/usr/local/texlive/2024basic/texmf-dist/tex/latex/graphics-cfg/graphics.cfg
File: graphics.cfg 2016/06/04 v1.11 sample graphics configuration
)
Package graphics Info: Driver file: pdftex.def on input line 107.

(/usr/local/texlive/2024basic/texmf-dist/tex/latex/graphics-def/pdftex.def
File: pdftex.def 2022/09/22 v1.2b Graphics/color driver for pdftex
))
\Gin@req@height=\dimen149
\Gin@req@width=\dimen150
)
(/usr/local/texlive/2024basic/texmf-dist/tex/latex/float/float.sty
Package: float 2001/11/08 v1.3d Float enhancements (AL)
\c@float@type=\count266
\float@exts=\toks21
\float@box=\box51
\@float@everytoks=\toks22
\@floatcapt=\box52
)
(/usr/local/texlive/2024basic/texmf-dist/tex/latex/xcolor/xcolor.sty
Package: xcolor 2023/11/15 v3.01 LaTeX color extensions (UK)

(/usr/local/texlive/2024basic/texmf-dist/tex/latex/graphics-cfg/color.cfg
File: color.cfg 2016/01/02 v1.6 sample color configuration
)
Package xcolor Info: Driver file: pdftex.def on input line 274.

(/usr/local/texlive/2024basic/texmf-dist/tex/latex/graphics/mathcolor.ltx)
Package xcolor Info: Model `cmy' substituted by `cmy0' on input line 1350.
Package xcolor Info: Model `hsb' substituted by `rgb' on input line 1354.
Package xcolor Info: Model `RGB' extended on input line 1366.
Package xcolor Info: Model `HTML' substituted by `rgb' on input line 1368.
Package xcolor Info: Model `Hsb' substituted by `hsb' on input line 1369.
Package xcolor Info: Model `tHsb' substituted by `hsb' on input line 1370.
Package xcolor Info: Model `HSB' substituted by `hsb' on input line 1371.
Package xcolor Info: Model `Gray' substituted by `gray' on input line 1372.
Package xcolor Info: Model `wave' substituted by `hsb' on input line 1373.
)
(/usr/local/texlive/2024basic/texmf-dist/tex/latex/tools/array.sty
Package: array 2023/10/16 v2.5g Tabular extension package (FMi)
\col@sep=\dimen151
\ar@mcellbox=\box53
\extrarowheight=\dimen152
\NC@list=\toks23
\extratabsurround=\skip50
\backup@length=\skip51
\ar@cellbox=\box54
)
(/usr/local/texlive/2024basic/texmf-dist/tex/latex/tools/longtable.sty
Package: longtable 2023-11-01 v4.19 Multi-page Table package (DPC)
\LTleft=\skip52
\LTright=\skip53
\LTpre=\skip54
\LTpost=\skip55
\LTchunksize=\count267
\LTcapwidth=\dimen153
\LT@head=\box55
\LT@firsthead=\box56
\LT@foot=\box57
\LT@lastfoot=\box58
\LT@gbox=\box59
\LT@cols=\count268
\LT@rows=\count269
\c@LT@tables=\count270
\c@LT@chunks=\count271
\LT@p@ftn=\toks24
)
(/usr/local/texlive/2024basic/texmf-dist/tex/latex/booktabs/booktabs.sty
Package: booktabs 2020/01/12 v1.61803398 Publication quality tables
\heavyrulewidth=\dimen154
\lightrulewidth=\dimen155
\cmidrulewidth=\dimen156
\belowrulesep=\dimen157
\belowbottomsep=\dimen158
\aboverulesep=\dimen159
\abovetopsep=\dimen160
\cmidrulesep=\dimen161
\cmidrulekern=\dimen162
\defaultaddspace=\dimen163
\@cmidla=\count272
\@cmidlb=\count273
\@aboverulesep=\dimen164
\@belowrulesep=\dimen165
\@thisruleclass=\count274
\@lastruleclass=\count275
\@thisrulewidth=\dimen166
)
(/usr/local/texlive/2024basic/texmf-dist/tex/latex/titlesec/titlesec.sty
Package: titlesec 2025/01/04 v2.17 Sectioning titles
\ttl@box=\box60
\beforetitleunit=\skip56
\aftertitleunit=\skip57
\ttl@plus=\dimen167
\ttl@minus=\dimen168
\ttl@toksa=\toks25
\titlewidth=\dimen169
\titlewidthlast=\dimen170
\titlewidthfirst=\dimen171
)
(/usr/local/texlive/2024basic/texmf-dist/tex/latex/caption/caption.sty
Package: caption 2023/08/05 v3.6o Customizing captions (AR)

(/usr/local/texlive/2024basic/texmf-dist/tex/latex/caption/caption3.sty
Package: caption3 2023/07/31 v2.4d caption3 kernel (AR)
\caption@tempdima=\dimen172
\captionmargin=\dimen173
\caption@leftmargin=\dimen174
\caption@rightmargin=\dimen175
\caption@width=\dimen176
\caption@indent=\dimen177
\caption@parindent=\dimen178
\caption@hangindent=\dimen179
Package caption Info: Standard document class detected.
)
\c@caption@flags=\count276
\c@continuedfloat=\count277
Package caption Info: float package is loaded.
Package caption Info: longtable package is loaded.

(/usr/local/texlive/2024basic/texmf-dist/tex/latex/caption/ltcaption.sty
Package: ltcaption 2021/01/08 v1.4c longtable captions (AR)
))
(/usr/local/texlive/2024basic/texmf-dist/tex/latex/hyperref/hyperref.sty
Package: hyperref 2024-01-20 v7.01h Hypertext links for LaTeX

(/usr/local/texlive/2024basic/texmf-dist/tex/latex/kvsetkeys/kvsetkeys.sty
Package: kvsetkeys 2022-10-05 v1.19 Key value parser (HO)
)
(/usr/local/texlive/2024basic/texmf-dist/tex/generic/kvdefinekeys/kvdefinekeys.
sty
Package: kvdefinekeys 2019-12-19 v1.6 Define keys (HO)
)
(/usr/local/texlive/2024basic/texmf-dist/tex/generic/pdfescape/pdfescape.sty
Package: pdfescape 2019/12/09 v1.15 Implements pdfTeX's escape features (HO)

(/usr/local/texlive/2024basic/texmf-dist/tex/generic/ltxcmds/ltxcmds.sty
Package: ltxcmds 2023-12-04 v1.26 LaTeX kernel commands for general use (HO)
)
(/usr/local/texlive/2024basic/texmf-dist/tex/generic/pdftexcmds/pdftexcmds.sty
Package: pdftexcmds 2020-06-27 v0.33 Utility functions of pdfTeX for LuaTeX (HO
)

(/usr/local/texlive/2024basic/texmf-dist/tex/generic/infwarerr/infwarerr.sty
Package: infwarerr 2019/12/03 v1.5 Providing info/warning/error messages (HO)
)
Package pdftexcmds Info: \pdf@primitive is available.
Package pdftexcmds Info: \pdf@ifprimitive is available.
Package pdftexcmds Info: \pdfdraftmode found.
)) (/usr/local/texlive/2024basic/texmf-dist/tex/latex/hycolor/hycolor.sty
Package: hycolor 2020-01-27 v1.10 Color options for hyperref/bookmark (HO)
)
(/usr/local/texlive/2024basic/texmf-dist/tex/latex/auxhook/auxhook.sty
Package: auxhook 2019-12-17 v1.6 Hooks for auxiliary files (HO)
)
(/usr/local/texlive/2024basic/texmf-dist/tex/latex/hyperref/nameref.sty
Package: nameref 2023-11-26 v2.56 Cross-referencing by name of section

(/usr/local/texlive/2024basic/texmf-dist/tex/latex/refcount/refcount.sty
Package: refcount 2019/12/15 v3.6 Data extraction from label references (HO)
)
(/usr/local/texlive/2024basic/texmf-dist/tex/generic/gettitlestring/gettitlestr
ing.sty
Package: gettitlestring 2019/12/15 v1.6 Cleanup title references (HO)

(/usr/local/texlive/2024basic/texmf-dist/tex/latex/kvoptions/kvoptions.sty
Package: kvoptions 2022-06-15 v3.15 Key value format for package options (HO)
))
\c@section@level=\count278
)
(/usr/local/texlive/2024basic/texmf-dist/tex/latex/etoolbox/etoolbox.sty
Package: etoolbox 2020/10/05 v2.5k e-TeX tools for LaTeX (JAW)
\etb@tempcnta=\count279
)
\@linkdim=\dimen180
\Hy@linkcounter=\count280
\Hy@pagecounter=\count281

(/usr/local/texlive/2024basic/texmf-dist/tex/latex/hyperref/pd1enc.def
File: pd1enc.def 2024-01-20 v7.01h Hyperref: PDFDocEncoding definition (HO)
Now handling font encoding PD1 ...
... no UTF-8 mapping file for font encoding PD1
)
(/usr/local/texlive/2024basic/texmf-dist/tex/generic/intcalc/intcalc.sty
Package: intcalc 2019/12/15 v1.3 Expandable calculations with integers (HO)
)
\Hy@SavedSpaceFactor=\count282

(/usr/local/texlive/2024basic/texmf-dist/tex/latex/hyperref/puenc.def
File: puenc.def 2024-01-20 v7.01h Hyperref: PDF Unicode definition (HO)
Now handling font encoding PU ...
... no UTF-8 mapping file for font encoding PU
)
Package hyperref Info: Hyper figures OFF on input line 4179.
Package hyperref Info: Link nesting OFF on input line 4184.
Package hyperref Info: Hyper index ON on input line 4187.
Package hyperref Info: Plain pages OFF on input line 4194.
Package hyperref Info: Backreferencing OFF on input line 4199.
Package hyperref Info: Implicit mode ON; LaTeX internals redefined.
Package hyperref Info: Bookmarks ON on input line 4446.
\c@Hy@tempcnt=\count283

(/usr/local/texlive/2024basic/texmf-dist/tex/latex/url/url.sty
\Urlmuskip=\muskip16
Package: url 2013/09/16  ver 3.4  Verb mode for urls, etc.
)
LaTeX Info: Redefining \url on input line 4784.
\XeTeXLinkMargin=\dimen181

(/usr/local/texlive/2024basic/texmf-dist/tex/generic/bitset/bitset.sty
Package: bitset 2019/12/09 v1.3 Handle bit-vector datatype (HO)

(/usr/local/texlive/2024basic/texmf-dist/tex/generic/bigintcalc/bigintcalc.sty
Package: bigintcalc 2019/12/15 v1.5 Expandable calculations on big integers (HO
)
))
\Fld@menulength=\count284
\Field@Width=\dimen182
\Fld@charsize=\dimen183
Package hyperref Info: Hyper figures OFF on input line 6063.
Package hyperref Info: Link nesting OFF on input line 6068.
Package hyperref Info: Hyper index ON on input line 6071.
Package hyperref Info: backreferencing OFF on input line 6078.
Package hyperref Info: Link coloring OFF on input line 6083.
Package hyperref Info: Link coloring with OCG OFF on input line 6088.
Package hyperref Info: PDF/A mode OFF on input line 6093.
 (/usr/local/texlive/2024basic/texmf-dist/tex/latex/base/atbegshi-ltx.sty
Package: atbegshi-ltx 2021/01/10 v1.0c Emulation of the original atbegshi
package with kernel methods
)
\Hy@abspage=\count285
\c@Item=\count286
\c@Hfootnote=\count287
)
Package hyperref Info: Driver (autodetected): hpdftex.

(/usr/local/texlive/2024basic/texmf-dist/tex/latex/hyperref/hpdftex.def
File: hpdftex.def 2024-01-20 v7.01h Hyperref driver for pdfTeX

(/usr/local/texlive/2024basic/texmf-dist/tex/latex/base/atveryend-ltx.sty
Package: atveryend-ltx 2020/08/19 v1.0a Emulation of the original atveryend pac
kage
with kernel methods
)
\Fld@listcount=\count288
\c@bookmark@seq@number=\count289

(/usr/local/texlive/2024basic/texmf-dist/tex/latex/rerunfilecheck/rerunfilechec
k.sty
Package: rerunfilecheck 2022-07-10 v1.10 Rerun checks for auxiliary files (HO)

(/usr/local/texlive/2024basic/texmf-dist/tex/generic/uniquecounter/uniquecounte
r.sty
Package: uniquecounter 2019/12/15 v1.4 Provide unlimited unique counter (HO)
)
Package uniquecounter Info: New unique counter `rerunfilecheck' on input line 2
85.
)
\Hy@SectionHShift=\skip58
)
LaTeX Font Info:    Trying to load font information for T1+lmr on input line 35
.
 (/usr/local/texlive/2024basic/texmf-dist/tex/latex/lm/t1lmr.fd
File: t1lmr.fd 2015/05/01 v1.6.1 Font defs for Latin Modern
)
(/usr/local/texlive/2024basic/texmf-dist/tex/latex/l3backend/l3backend-pdftex.d
ef
File: l3backend-pdftex.def 2024-02-20 L3 backend support: PDF output (pdfTeX)
\l__color_backend_stack_int=\count290
\l__pdf_internal_box=\box61
) (./main.aux)
\openout1 = `main.aux'.

LaTeX Font Info:    Checking defaults for OML/cmm/m/it on input line 35.
LaTeX Font Info:    ... okay on input line 35.
LaTeX Font Info:    Checking defaults for OMS/cmsy/m/n on input line 35.
LaTeX Font Info:    ... okay on input line 35.
LaTeX Font Info:    Checking defaults for OT1/cmr/m/n on input line 35.
LaTeX Font Info:    ... okay on input line 35.
LaTeX Font Info:    Checking defaults for T1/cmr/m/n on input line 35.
LaTeX Font Info:    ... okay on input line 35.
LaTeX Font Info:    Checking defaults for TS1/cmr/m/n on input line 35.
LaTeX Font Info:    ... okay on input line 35.
LaTeX Font Info:    Checking defaults for OMX/cmex/m/n on input line 35.
LaTeX Font Info:    ... okay on input line 35.
LaTeX Font Info:    Checking defaults for U/cmr/m/n on input line 35.
LaTeX Font Info:    ... okay on input line 35.
LaTeX Font Info:    Checking defaults for PD1/pdf/m/n on input line 35.
LaTeX Font Info:    ... okay on input line 35.
LaTeX Font Info:    Checking defaults for PU/pdf/m/n on input line 35.
LaTeX Font Info:    ... okay on input line 35.

*geometry* driver: auto-detecting
*geometry* detected driver: pdftex
*geometry* verbose mode - [ preamble ] result:
* driver: pdftex
* paper: a4paper
* layout: <same size as paper>
* layoutoffset:(h,v)=(0.0pt,0.0pt)
* modes: 
* h-part:(L,W,R)=(72.26999pt, 452.9679pt, 72.26999pt)
* v-part:(T,H,B)=(72.26999pt, 700.50687pt, 72.26999pt)
* \paperwidth=597.50787pt
* \paperheight=845.04684pt
* \textwidth=452.9679pt
* \textheight=700.50687pt
* \oddsidemargin=0.0pt
* \evensidemargin=0.0pt
* \topmargin=-37.0pt
* \headheight=12.0pt
* \headsep=25.0pt
* \topskip=12.0pt
* \footskip=30.0pt
* \marginparwidth=35.0pt
* \marginparsep=10.0pt
* \columnsep=10.0pt
* \skip\footins=10.8pt plus 4.0pt minus 2.0pt
* \hoffset=0.0pt
* \voffset=0.0pt
* \mag=1000
* \@twocolumnfalse
* \@twosidefalse
* \@mparswitchfalse
* \@reversemarginfalse
* (1in=72.27pt=25.4mm, 1cm=28.453pt)

(/usr/local/texlive/2024basic/texmf-dist/tex/context/base/mkii/supp-pdf.mkii
[Loading MPS to PDF converter (version 2006.09.02).]
\scratchcounter=\count291
\scratchdimen=\dimen184
\scratchbox=\box62
\nofMPsegments=\count292
\nofMParguments=\count293
\everyMPshowfont=\toks26
\MPscratchCnt=\count294
\MPscratchDim=\dimen185
\MPnumerator=\count295
\makeMPintoPDFobject=\count296
\everyMPtoPDFconversion=\toks27
)
(/usr/local/texlive/2024basic/texmf-dist/tex/latex/epstopdf-pkg/epstopdf-base.s
ty
Package: epstopdf-base 2020-01-24 v2.11 Base part for package epstopdf
Package epstopdf-base Info: Redefining graphics rule for `.eps' on input line 4
85.

(/usr/local/texlive/2024basic/texmf-dist/tex/latex/latexconfig/epstopdf-sys.cfg
File: epstopdf-sys.cfg 2010/07/13 v1.3 Configuration of (r)epstopdf for TeX Liv
e
))
Package caption Info: Begin \AtBeginDocument code.
Package caption Info: hyperref package is loaded.
Package caption Info: End \AtBeginDocument code.
Package hyperref Info: Link coloring OFF on input line 35.
 (./main.out) (./main.out)
\@outlinefile=\write3
\openout3 = `main.out'.

 [1

{/usr/local/texlive/2024basic/texmf-var/fonts/map/pdftex/updmap/pdftex.map}{/us
r/local/texlive/2024basic/texmf-dist/fonts/enc/dvips/lm/lm-ec.enc}] [1

]
<../assets/lincoln-logo.png, id=183, 289.08pt x 99.37125pt>
File: ../assets/lincoln-logo.png Graphic file (type png)
<use ../assets/lincoln-logo.png>
Package pdftex.def Info: ../assets/lincoln-logo.png  used on input line 94.
(pdftex.def)             Requested size: 144.95303pt x 49.8265pt.
LaTeX Font Info:    Trying to load font information for OT1+lmr on input line 1
14.

(/usr/local/texlive/2024basic/texmf-dist/tex/latex/lm/ot1lmr.fd
File: ot1lmr.fd 2015/05/01 v1.6.1 Font defs for Latin Modern
)
LaTeX Font Info:    Trying to load font information for OML+lmm on input line 1
14.

(/usr/local/texlive/2024basic/texmf-dist/tex/latex/lm/omllmm.fd
File: omllmm.fd 2015/05/01 v1.6.1 Font defs for Latin Modern
)
LaTeX Font Info:    Trying to load font information for OMS+lmsy on input line 
114.

(/usr/local/texlive/2024basic/texmf-dist/tex/latex/lm/omslmsy.fd
File: omslmsy.fd 2015/05/01 v1.6.1 Font defs for Latin Modern
)
LaTeX Font Info:    Trying to load font information for OMX+lmex on input line 
114.

(/usr/local/texlive/2024basic/texmf-dist/tex/latex/lm/omxlmex.fd
File: omxlmex.fd 2015/05/01 v1.6.1 Font defs for Latin Modern
)
LaTeX Font Info:    External font `lmex10' loaded for size
(Font)              <12> on input line 114.
LaTeX Font Info:    External font `lmex10' loaded for size
(Font)              <8> on input line 114.
LaTeX Font Info:    External font `lmex10' loaded for size
(Font)              <6> on input line 114.
 [2

 <../assets/lincoln-logo.png (PNG copy)>] [3

] [4

] [5

] (./main.toc [6

])
\tf@toc=\write4
\openout4 = `main.toc'.

 [7] (./main.lof)
\tf@lof=\write5
\openout5 = `main.lof'.


[8

] (./main.lot)
\tf@lot=\write6
\openout6 = `main.lot'.

 [9

] [10

]
Chapter 1.

pdfTeX warning (ext4): destination with the same identifier (name{page.1}) has 
been already used, duplicate ignored
<to be read again> 
                   \relax 
l.266   \item T
               o provide secure, role-based access so that administrators an...
[1


] [2]
<../assets/diagrams/methodology.png, id=318, 653.44125pt x 603.25375pt>
File: ../assets/diagrams/methodology.png Graphic file (type png)
<use ../assets/diagrams/methodology.png>
Package pdftex.def Info: ../assets/diagrams/methodology.png  used on input line
 313.
(pdftex.def)             Requested size: 249.13371pt x 229.9936pt.
 [3 <../assets/diagrams/methodology.png>] [4]
Chapter 2.
[5

] [6] [7]
Chapter 3.
[8

]
<../assets/diagrams/workflow.png, id=369, 2038.61626pt x 123.46124pt>
File: ../assets/diagrams/workflow.png Graphic file (type png)
<use ../assets/diagrams/workflow.png>
Package pdftex.def Info: ../assets/diagrams/workflow.png  used on input line 47
6.
(pdftex.def)             Requested size: 452.9679pt x 27.43094pt.
 [9]
<../assets/screenshots/01-login.png, id=383, 1445.4pt x 903.375pt>
File: ../assets/screenshots/01-login.png Graphic file (type png)
<use ../assets/screenshots/01-login.png>
Package pdftex.def Info: ../assets/screenshots/01-login.png  used on input line
 492.
(pdftex.def)             Requested size: 271.7835pt x 169.86485pt.
<../assets/screenshots/02-dashboard.png, id=384, 1445.4pt x 2055.68pt>
File: ../assets/screenshots/02-dashboard.png Graphic file (type png)
<use ../assets/screenshots/02-dashboard.png>
Package pdftex.def Info: ../assets/screenshots/02-dashboard.png  used on input 
line 499.
(pdftex.def)             Requested size: 452.9679pt x 644.21773pt.
 [10 <../assets/diagrams/workflow.png> <../assets/screenshots/01-login.png (PNG
 copy)>]
LaTeX Font Info:    Trying to load font information for T1+lmtt on input line 5
06.
 (/usr/local/texlive/2024basic/texmf-dist/tex/latex/lm/t1lmtt.fd
File: t1lmtt.fd 2015/05/01 v1.6.1 Font defs for Latin Modern
) [11 <../assets/screenshots/02-dashboard.png (PNG copy)>]
<../assets/diagrams/er.png, id=395, 3272.225pt x 3857.41125pt>
File: ../assets/diagrams/er.png Graphic file (type png)
<use ../assets/diagrams/er.png>
Package pdftex.def Info: ../assets/diagrams/er.png  used on input line 514.
(pdftex.def)             Requested size: 452.9679pt x 533.9714pt.
 [12 <../assets/diagrams/er.png>]
<../assets/diagrams/architecture.png, id=403, 777.90625pt x 958.58125pt>
File: ../assets/diagrams/architecture.png Graphic file (type png)
<use ../assets/diagrams/architecture.png>
Package pdftex.def Info: ../assets/diagrams/architecture.png  used on input lin
e 527.
(pdftex.def)             Requested size: 385.02547pt x 474.46262pt.
 [13 <../assets/diagrams/architecture.png>]
<../assets/diagrams/deployment.png, id=410, 999.735pt x 177.66376pt>
File: ../assets/diagrams/deployment.png Graphic file (type png)
<use ../assets/diagrams/deployment.png>
Package pdftex.def Info: ../assets/diagrams/deployment.png  used on input line 
539.
(pdftex.def)             Requested size: 407.66833pt x 72.44681pt.
 [14 <../assets/diagrams/deployment.png>]
Chapter 4.
LaTeX Font Info:    Trying to load font information for TS1+lmr on input line 5
52.
(/usr/local/texlive/2024basic/texmf-dist/tex/latex/lm/ts1lmr.fd
File: ts1lmr.fd 2015/05/01 v1.6.1 Font defs for Latin Modern
) [15

{/usr/local/texlive/2024basic/texmf-dist/fonts/enc/dvips/lm/lm-ts1.enc}]
Underfull \hbox (badness 6876) in paragraph at lines 611--611
[]|\T1/lmr/m/n/12 User is au-then-ti-cated
 []


Underfull \hbox (badness 1776) in paragraph at lines 612--612
\T1/lmr/m/n/12 email or pass-word'' is
 []


Underfull \hbox (badness 10000) in paragraph at lines 616--616
[]|\T1/lmr/m/n/12 Increase an item's
 []


Underfull \hbox (badness 10000) in paragraph at lines 616--616
[]|\T1/lmr/m/n/12 Quantity in-cre-ments
 []


Underfull \hbox (badness 2538) in paragraph at lines 618--618
[]|\T1/lmr/m/n/12 Add a staff mem-ber
 []


Underfull \hbox (badness 4316) in paragraph at lines 619--619
[]|\T1/lmr/m/n/12 Compute or-der to-tal
 []


Underfull \hbox (badness 10000) in paragraph at lines 620--620
[]|\T1/lmr/m/n/12 Revenue and or-der
 []


Underfull \hbox (badness 10000) in paragraph at lines 620--620
\T1/lmr/m/n/12 counts are cal-cu-lated
 []

[16]
Underfull \hbox (badness 1303) in paragraph at lines 636--636
[]|\T1/lmr/m/n/12 Staff signs in and is
 []


Underfull \hbox (badness 10000) in paragraph at lines 636--636
[]|\T1/lmr/m/n/12 Admin-only links
 []


Underfull \hbox (badness 10000) in paragraph at lines 638--638
[]|\T1/lmr/m/n/12 Full menu life-cy-cle:
 []


Underfull \hbox (badness 3439) in paragraph at lines 640--640
\T1/lmr/m/n/12 ing $\OMS/lmsy/m/n/12 !$ \T1/lmr/m/n/12 prepar-ing $\OMS/lmsy/m/
n/12 !$
 []


Underfull \hbox (badness 1360) in paragraph at lines 641--641
[]|\T1/lmr/m/n/12 Itemised bill is shown
 []


Underfull \hbox (badness 7740) in paragraph at lines 642--642
[]|\T1/lmr/m/n/12 Inventory list re-flects
 []


Underfull \hbox (badness 2538) in paragraph at lines 643--643
[]|\T1/lmr/m/n/12 Add a staff mem-ber
 []


Underfull \hbox (badness 10000) in paragraph at lines 644--644
[]|\T1/lmr/m/n/12 View re-ports and
 []


Underfull \hbox (badness 10000) in paragraph at lines 644--644
[]|\T1/lmr/m/n/12 Summary cards and
 []


Underfull \hbox (badness 1127) in paragraph at lines 644--644
\T1/lmr/m/n/12 charts ren-der for each
 []


Underfull \hbox (badness 3158) in paragraph at lines 645--645
[]|\T1/lmr/m/n/12 Session ends and the
 []

[17{/usr/local/texlive/2024basic/texmf-dist/fonts/enc/dvips/lm/lm-mathsy.enc}]
[18]
Chapter 5.
[19

] [20]
Underfull \hbox (badness 10000) in paragraph at lines 702--703
[]\T1/lmr/m/n/12 Microsoft, ``Type-Script Doc-u-men-ta-tion,'' [On-line]. Avail
-able:
 []


Underfull \hbox (badness 10000) in paragraph at lines 703--704
[]\T1/lmr/m/n/12 SQLite Con-sor-tium, ``SQLite Doc-u-men-ta-tion,'' [On-line]. 
Avail-able:
 []


Underfull \hbox (badness 10000) in paragraph at lines 704--705
[]\T1/lmr/m/n/12 J. Wieg-ley, ``better-sqlite3,'' [On-line]. Avail-able:
 []


Underfull \hbox (badness 10000) in paragraph at lines 705--706
[]\T1/lmr/m/n/12 Tailwind Labs, ``Tail-wind CSS Doc-u-men-ta-tion,'' [On-line].
 Avail-able:
 []

[21

]
Underfull \hbox (badness 10000) in paragraph at lines 708--709
[]\T1/lmr/m/n/12 D. Maz-ières, ``bcrypt pass-word hash-ing,'' [On-line]. Avail-
able:
 []

[22]
<../assets/screenshots/03-menu.png, id=469, 1445.4pt x 1204.5pt>
File: ../assets/screenshots/03-menu.png Graphic file (type png)
<use ../assets/screenshots/03-menu.png>
Package pdftex.def Info: ../assets/screenshots/03-menu.png  used on input line 
720.
(pdftex.def)             Requested size: 452.9679pt x 377.47131pt.
<../assets/screenshots/04-orders-new.png, id=470, 1445.4pt x 1144.275pt>
File: ../assets/screenshots/04-orders-new.png Graphic file (type png)
<use ../assets/screenshots/04-orders-new.png>
Package pdftex.def Info: ../assets/screenshots/04-orders-new.png  used on input
 line 726.
(pdftex.def)             Requested size: 452.9679pt x 358.59775pt.
 [23

 <../assets/screenshots/03-menu.png (PNG copy)>]
<../assets/screenshots/06-billing.png, id=475, 1445.4pt x 7216.9625pt>
File: ../assets/screenshots/06-billing.png Graphic file (type png)
<use ../assets/screenshots/06-billing.png>
Package pdftex.def Info: ../assets/screenshots/06-billing.png  used on input li
ne 732.
(pdftex.def)             Requested size: 452.9679pt x 2261.68237pt.
 [24 <../assets/screenshots/04-orders-new.png (PNG copy)>]
Overfull \vbox (1584.7755pt too high) has occurred while \output is active []


[25 <../assets/screenshots/06-billing.png (PNG copy)>]
<../assets/screenshots/07-inventory.png, id=484, 1445.4pt x 1111.15125pt>
File: ../assets/screenshots/07-inventory.png Graphic file (type png)
<use ../assets/screenshots/07-inventory.png>
Package pdftex.def Info: ../assets/screenshots/07-inventory.png  used on input 
line 738.
(pdftex.def)             Requested size: 452.9679pt x 348.21729pt.
<../assets/screenshots/08-reports.png, id=485, 1445.4pt x 1322.9425pt>
File: ../assets/screenshots/08-reports.png Graphic file (type png)
<use ../assets/screenshots/08-reports.png>
Package pdftex.def Info: ../assets/screenshots/08-reports.png  used on input li
ne 744.
(pdftex.def)             Requested size: 452.9679pt x 414.58934pt.
 [26 <../assets/screenshots/07-inventory.png (PNG copy)>]
<../assets/screenshots/09-staff.png, id=491, 1445.4pt x 1396.21625pt>
File: ../assets/screenshots/09-staff.png Graphic file (type png)
<use ../assets/screenshots/09-staff.png>
Package pdftex.def Info: ../assets/screenshots/09-staff.png  used on input line
 750.
(pdftex.def)             Requested size: 452.9679pt x 437.55217pt.
 [27 <../assets/screenshots/08-reports.png (PNG copy)>] [28 <../assets/screensh
ots/09-staff.png (PNG copy)>] (./main.aux)
 ***********
LaTeX2e <2023-11-01> patch level 1
L3 programming layer <2024-02-20>
 ***********
Package rerunfilecheck Info: File `main.out' has not changed.
(rerunfilecheck)             Checksum: 56D197000BD163350296C7BD728720A2;6334.
 ) 
Here is how much of TeX's memory you used:
 12095 strings out of 475567
 195083 string characters out of 5777890
 1955187 words of memory out of 5000000
 33934 multiletter control sequences out of 15000+600000
 608114 words of font info for 62 fonts, out of 8000000 for 9000
 319 hyphenation exceptions out of 8191
 75i,9n,79p,357b,560s stack positions out of 10000i,1000n,20000p,200000b,200000s
</usr/local/texlive/2024basic/texmf-dist/fonts/type1/public/lm/lmbx10.pfb></u
sr/local/texlive/2024basic/texmf-dist/fonts/type1/public/lm/lmbx12.pfb></usr/lo
cal/texlive/2024basic/texmf-dist/fonts/type1/public/lm/lmr10.pfb></usr/local/te
xlive/2024basic/texmf-dist/fonts/type1/public/lm/lmr12.pfb></usr/local/texlive/
2024basic/texmf-dist/fonts/type1/public/lm/lmri12.pfb></usr/local/texlive/2024b
asic/texmf-dist/fonts/type1/public/lm/lmsy10.pfb></usr/local/texlive/2024basic/
texmf-dist/fonts/type1/public/lm/lmtt12.pfb>
Output written on main.pdf (39 pages, 2347935 bytes).
PDF statistics:
 572 PDF objects out of 1000 (max. 8388607)
 493 compressed objects within 5 object streams
 145 named destinations out of 1000 (max. 500000)
 407 words of extra memory for PDF output out of 10000 (max. 10000000)

